#-----------------------------------------------------------
# Vivado v2024.1 (64-bit)
# SW Build 5076996 on Wed May 22 18:37:14 MDT 2024
# IP Build 5075265 on Wed May 22 21:45:21 MDT 2024
# SharedData Build 5076995 on Wed May 22 18:29:18 MDT 2024
# Start of session at: Wed Sep 24 17:11:26 2025
# Process ID: 4612
# Current directory: C:/Users/joshu/Desktop/project_1
# Command line: vivado.exe -gui_launcher_event rodinguilauncherevent13556 C:\Users\joshu\Desktop\project_1\project_1.xpr
# Log file: C:/Users/joshu/Desktop/project_1/vivado.log
# Journal file: C:/Users/joshu/Desktop/project_1\vivado.jou
# Running On        :LAPTOP-TSMU9UUL
# Platform          :Windows Server 2016 or Windows 10
# Operating System  :26100
# Processor Detail  :11th Gen Intel(R) Core(TM) i7-1165G7 @ 2.80GHz
# CPU Frequency     :2803 MHz
# CPU Physical cores:4
# CPU Logical cores :8
# Host memory       :16856 MB
# Swap memory       :24941 MB
# Total Virtual     :41798 MB
# Available Virtual :8078 MB
#-----------------------------------------------------------
start_gui
open_project C:/Users/joshu/Desktop/project_1/project_1.xpr
update_compile_order -fileset sources_1
launch_simulation
open_wave_config C:/Users/joshu/Desktop/project_1/project_1.srcs/sim_1/imports/Ex1/tally_testbench_behav.wcfg
source tally_testbench.tcl
close_sim
launch_simulation
launch_simulation
open_wave_config C:/Users/joshu/Desktop/project_1/project_1.srcs/sim_1/imports/Ex1/tally_testbench_behav.wcfg
source tally_testbench.tcl
close_sim
launch_simulation
open_wave_config C:/Users/joshu/Desktop/project_1/project_1.srcs/sim_1/imports/Ex1/tally_testbench_behav.wcfg
source tally_testbench.tcl
close_sim
launch_simulation
open_wave_config C:/Users/joshu/Desktop/project_1/project_1.srcs/sim_1/imports/Ex1/tally_testbench_behav.wcfg
source tally_testbench.tcl
close_sim
launch_simulation
open_wave_config C:/Users/joshu/Desktop/project_1/project_1.srcs/sim_1/imports/Ex1/tally_testbench_behav.wcfg
source tally_testbench.tcl
close_sim
